// Jest Snapshot v1, https://goo.gl/fbAQLP

exports[`Pruebas en CounterApp Al pasar el valor del contador como prop, deber√≠a visualizarse ese mismo valor 1`] = `
<Fragment>
  <h1>
    CounterApp
  </h1>
  <h2>
     
    100
     
  </h2>
  <button
    onClick={[Function]}
  >
    -1
  </button>
  <button
    onClick={[Function]}
  >
    Reset
  </button>
  <button
    onClick={[Function]}
  >
    +1
  </button>
</Fragment>
`;

exports[`Pruebas en CounterApp CounterApp debe crearse correctamente y mostrar el contador por defecto 1`] = `
<Fragment>
  <h1>
    CounterApp
  </h1>
  <h2>
     
    10
     
  </h2>
  <button
    onClick={[Function]}
  >
    -1
  </button>
  <button
    onClick={[Function]}
  >
    Reset
  </button>
  <button
    onClick={[Function]}
  >
    +1
  </button>
</Fragment>
`;
