// Jest Snapshot v1, https://goo.gl/fbAQLP

exports[`Testing - PrimeraApp component Should show <PrimeraApp /> correctly 1`] = `
<Fragment>
  <h1>
    Hola, soy Goku
  </h1>
  <p>
    Soy un subtitulo
  </p>
</Fragment>
`;
